// Jest Snapshot v1, https://goo.gl/fbAQLP

exports[`Snapshot Snapshot matches to atricles controller 1`] = `ReactWrapper {}`;
